<h1>Hello, Aleks</h1>
<p>It 2021 year!</p>
<ul>
    <li>0</li>
    <li>1</li>
    <li>2</li>
    <li>3</li>
    <li>4</li>
</ul>
